Archive member included to satisfy reference by file (symbol)

C:/ST/STM32CubeIDE_1.13.1/STM32CubeIDE/plugins/com.st.stm32cube.ide.mcu.externaltools.gnu-tools-for-stm32.12.3.rel1.win32_1.0.100.202403111256/tools/bin/../lib/gcc/arm-none-eabi/12.3.1/../../../../arm-none-eabi/lib/thumb/v7e-m+fp/hard\libc_nano.a(libc_a-exit.o)
                              C:/ST/STM32CubeIDE_1.13.1/STM32CubeIDE/plugins/com.st.stm32cube.ide.mcu.externaltools.gnu-tools-for-stm32.12.3.rel1.win32_1.0.100.202403111256/tools/bin/../lib/gcc/arm-none-eabi/12.3.1/../../../../arm-none-eabi/lib/thumb/v7e-m+fp/hard/crt0.o (exit)
C:/ST/STM32CubeIDE_1.13.1/STM32CubeIDE/plugins/com.st.stm32cube.ide.mcu.externaltools.gnu-tools-for-stm32.12.3.rel1.win32_1.0.100.202403111256/tools/bin/../lib/gcc/arm-none-eabi/12.3.1/../../../../arm-none-eabi/lib/thumb/v7e-m+fp/hard\libc_nano.a(libc_a-findfp.o)
                              C:/ST/STM32CubeIDE_1.13.1/STM32CubeIDE/plugins/com.st.stm32cube.ide.mcu.externaltools.gnu-tools-for-stm32.12.3.rel1.win32_1.0.100.202403111256/tools/bin/../lib/gcc/arm-none-eabi/12.3.1/../../../../arm-none-eabi/lib/thumb/v7e-m+fp/hard\libc_nano.a(libc_a-exit.o) (__stdio_exit_handler)
C:/ST/STM32CubeIDE_1.13.1/STM32CubeIDE/plugins/com.st.stm32cube.ide.mcu.externaltools.gnu-tools-for-stm32.12.3.rel1.win32_1.0.100.202403111256/tools/bin/../lib/gcc/arm-none-eabi/12.3.1/../../../../arm-none-eabi/lib/thumb/v7e-m+fp/hard\libc_nano.a(libc_a-fwalk.o)
                              C:/ST/STM32CubeIDE_1.13.1/STM32CubeIDE/plugins/com.st.stm32cube.ide.mcu.externaltools.gnu-tools-for-stm32.12.3.rel1.win32_1.0.100.202403111256/tools/bin/../lib/gcc/arm-none-eabi/12.3.1/../../../../arm-none-eabi/lib/thumb/v7e-m+fp/hard\libc_nano.a(libc_a-findfp.o) (_fwalk_sglue)
C:/ST/STM32CubeIDE_1.13.1/STM32CubeIDE/plugins/com.st.stm32cube.ide.mcu.externaltools.gnu-tools-for-stm32.12.3.rel1.win32_1.0.100.202403111256/tools/bin/../lib/gcc/arm-none-eabi/12.3.1/../../../../arm-none-eabi/lib/thumb/v7e-m+fp/hard\libc_nano.a(libc_a-stdio.o)
                              C:/ST/STM32CubeIDE_1.13.1/STM32CubeIDE/plugins/com.st.stm32cube.ide.mcu.externaltools.gnu-tools-for-stm32.12.3.rel1.win32_1.0.100.202403111256/tools/bin/../lib/gcc/arm-none-eabi/12.3.1/../../../../arm-none-eabi/lib/thumb/v7e-m+fp/hard\libc_nano.a(libc_a-findfp.o) (__sread)
C:/ST/STM32CubeIDE_1.13.1/STM32CubeIDE/plugins/com.st.stm32cube.ide.mcu.externaltools.gnu-tools-for-stm32.12.3.rel1.win32_1.0.100.202403111256/tools/bin/../lib/gcc/arm-none-eabi/12.3.1/../../../../arm-none-eabi/lib/thumb/v7e-m+fp/hard\libc_nano.a(libc_a-memcmp.o)
                              ./Core/Src/main.o (memcmp)
C:/ST/STM32CubeIDE_1.13.1/STM32CubeIDE/plugins/com.st.stm32cube.ide.mcu.externaltools.gnu-tools-for-stm32.12.3.rel1.win32_1.0.100.202403111256/tools/bin/../lib/gcc/arm-none-eabi/12.3.1/../../../../arm-none-eabi/lib/thumb/v7e-m+fp/hard\libc_nano.a(libc_a-memset.o)
                              C:/ST/STM32CubeIDE_1.13.1/STM32CubeIDE/plugins/com.st.stm32cube.ide.mcu.externaltools.gnu-tools-for-stm32.12.3.rel1.win32_1.0.100.202403111256/tools/bin/../lib/gcc/arm-none-eabi/12.3.1/../../../../arm-none-eabi/lib/thumb/v7e-m+fp/hard/crt0.o (memset)
C:/ST/STM32CubeIDE_1.13.1/STM32CubeIDE/plugins/com.st.stm32cube.ide.mcu.externaltools.gnu-tools-for-stm32.12.3.rel1.win32_1.0.100.202403111256/tools/bin/../lib/gcc/arm-none-eabi/12.3.1/../../../../arm-none-eabi/lib/thumb/v7e-m+fp/hard\libc_nano.a(libc_a-closer.o)
                              C:/ST/STM32CubeIDE_1.13.1/STM32CubeIDE/plugins/com.st.stm32cube.ide.mcu.externaltools.gnu-tools-for-stm32.12.3.rel1.win32_1.0.100.202403111256/tools/bin/../lib/gcc/arm-none-eabi/12.3.1/../../../../arm-none-eabi/lib/thumb/v7e-m+fp/hard\libc_nano.a(libc_a-stdio.o) (_close_r)
C:/ST/STM32CubeIDE_1.13.1/STM32CubeIDE/plugins/com.st.stm32cube.ide.mcu.externaltools.gnu-tools-for-stm32.12.3.rel1.win32_1.0.100.202403111256/tools/bin/../lib/gcc/arm-none-eabi/12.3.1/../../../../arm-none-eabi/lib/thumb/v7e-m+fp/hard\libc_nano.a(libc_a-reent.o)
                              C:/ST/STM32CubeIDE_1.13.1/STM32CubeIDE/plugins/com.st.stm32cube.ide.mcu.externaltools.gnu-tools-for-stm32.12.3.rel1.win32_1.0.100.202403111256/tools/bin/../lib/gcc/arm-none-eabi/12.3.1/../../../../arm-none-eabi/lib/thumb/v7e-m+fp/hard\libc_nano.a(libc_a-closer.o) (errno)
C:/ST/STM32CubeIDE_1.13.1/STM32CubeIDE/plugins/com.st.stm32cube.ide.mcu.externaltools.gnu-tools-for-stm32.12.3.rel1.win32_1.0.100.202403111256/tools/bin/../lib/gcc/arm-none-eabi/12.3.1/../../../../arm-none-eabi/lib/thumb/v7e-m+fp/hard\libc_nano.a(libc_a-impure.o)
                              C:/ST/STM32CubeIDE_1.13.1/STM32CubeIDE/plugins/com.st.stm32cube.ide.mcu.externaltools.gnu-tools-for-stm32.12.3.rel1.win32_1.0.100.202403111256/tools/bin/../lib/gcc/arm-none-eabi/12.3.1/../../../../arm-none-eabi/lib/thumb/v7e-m+fp/hard\libc_nano.a(libc_a-reent.o) (_impure_ptr)
[...]
Memory Configuration

Name             Origin             Length             Attributes
RAM              0x20000000         0x00020000         xrw
FLASH            0x08000000         0x00080000         xr
*default*        0x00000000         0xffffffff

Linker script and memory map

LOAD C:/ST/STM32CubeIDE_1.13.1/STM32CubeIDE/plugins/com.st.stm32cube.ide.mcu.externaltools.gnu-tools-for-stm32.12.3.rel1.win32_1.0.100.202403111256/tools/bin/../lib/gcc/arm-none-eabi/12.3.1/thumb/v7e-m+fp/hard/crti.o
LOAD C:/ST/STM32CubeIDE_1.13.1/STM32CubeIDE/plugins/com.st.stm32cube.ide.mcu.externaltools.gnu-tools-for-stm32.12.3.rel1.win32_1.0.100.202403111256/tools/bin/../lib/gcc/arm-none-eabi/12.3.1/thumb/v7e-m+fp/hard/crtbegin.o
LOAD C:/ST/STM32CubeIDE_1.13.1/STM32CubeIDE/plugins/com.st.stm32cube.ide.mcu.externaltools.gnu-tools-for-stm32.12.3.rel1.win32_1.0.100.202403111256/tools/bin/../lib/gcc/arm-none-eabi/12.3.1/../../../../arm-none-eabi/lib/thumb/v7e-m+fp/hard/crt0.o
LOAD ./Core/Src/main.o
LOAD ./Core/Src/stm32f4xx_it.o
LOAD ./Core/Src/syscalls.o
LOAD ./Core/Src/sysmem.o
LOAD ./Core/Src/system_stm32f4xx.o
LOAD ./Core/Startup/startup_stm32f411vetx.o
LOAD ./Drivers/STM32F4xx_HAL_Driver/Src/stm32f4xx_ll_dma.o
LOAD ./Drivers/STM32F4xx_HAL_Driver/Src/stm32f4xx_ll_exti.o
LOAD ./Drivers/STM32F4xx_HAL_Driver/Src/stm32f4xx_ll_gpio.o
LOAD ./Drivers/STM32F4xx_HAL_Driver/Src/stm32f4xx_ll_rcc.o
LOAD ./Drivers/STM32F4xx_HAL_Driver/Src/stm32f4xx_ll_usart.o
LOAD ./Drivers/STM32F4xx_HAL_Driver/Src/stm32f4xx_ll_utils.o
LOAD ./FREERTOS/croutine.o
LOAD ./FREERTOS/event_groups.o
LOAD ./FREERTOS/list.o
LOAD ./FREERTOS/queue.o
LOAD ./FREERTOS/stream_buffer.o
LOAD ./FREERTOS/tasks.o
LOAD ./FREERTOS/timers.o
LOAD ./FREERTOS/portable/GCC/ARM_CM4F/port.o
LOAD ./FREERTOS/portable/heap_4.o
LOAD ./Utils/uartstdio.o
START GROUP
LOAD C:/ST/STM32CubeIDE_1.13.1/STM32CubeIDE/plugins/com.st.stm32cube.ide.mcu.externaltools.gnu-tools-for-stm32.12.3.rel1.win32_1.0.100.202403111256/tools/bin/../lib/gcc/arm-none-eabi/12.3.1/../../../../arm-none-eabi/lib/thumb/v7e-m+fp/hard\libc_nano.a
LOAD C:/ST/STM32CubeIDE_1.13.1/STM32CubeIDE/plugins/com.st.stm32cube.ide.mcu.externaltools.gnu-tools-for-stm32.12.3.rel1.win32_1.0.100.202403111256/tools/bin/../lib/gcc/arm-none-eabi/12.3.1/../../../../arm-none-eabi/lib/thumb/v7e-m+fp/hard\libm.a
END GROUP
START GROUP
LOAD C:/ST/STM32CubeIDE_1.13.1/STM32CubeIDE/plugins/com.st.stm32cube.ide.mcu.externaltools.gnu-tools-for-stm32.12.3.rel1.win32_1.0.100.202403111256/tools/bin/../lib/gcc/arm-none-eabi/12.3.1/thumb/v7e-m+fp/hard\libgcc.a
LOAD C:/ST/STM32CubeIDE_1.13.1/STM32CubeIDE/plugins/com.st.stm32cube.ide.mcu.externaltools.gnu-tools-for-stm32.12.3.rel1.win32_1.0.100.202403111256/tools/bin/../lib/gcc/arm-none-eabi/12.3.1/../../../../arm-none-eabi/lib/thumb/v7e-m+fp/hard\libc_nano.a
END GROUP
START GROUP
LOAD C:/ST/STM32CubeIDE_1.13.1/STM32CubeIDE/plugins/com.st.stm32cube.ide.mcu.externaltools.gnu-tools-for-stm32.12.3.rel1.win32_1.0.100.202403111256/tools/bin/../lib/gcc/arm-none-eabi/12.3.1/thumb/v7e-m+fp/hard\libgcc.a
LOAD C:/ST/STM32CubeIDE_1.13.1/STM32CubeIDE/plugins/com.st.stm32cube.ide.mcu.externaltools.gnu-tools-for-stm32.12.3.rel1.win32_1.0.100.202403111256/tools/bin/../lib/gcc/arm-none-eabi/12.3.1/../../../../arm-none-eabi/lib/thumb/v7e-m+fp/hard\libc_nano.a
LOAD C:/ST/STM32CubeIDE_1.13.1/STM32CubeIDE/plugins/com.st.stm32cube.ide.mcu.externaltools.gnu-tools-for-stm32.12.3.rel1.win32_1.0.100.202403111256/tools/bin/../lib/gcc/arm-none-eabi/12.3.1/../../../../arm-none-eabi/lib/thumb/v7e-m+fp/hard\libnosys.a
END GROUP
START GROUP
LOAD C:/ST/STM32CubeIDE_1.13.1/STM32CubeIDE/plugins/com.st.stm32cube.ide.mcu.externaltools.gnu-tools-for-stm32.12.3.rel1.win32_1.0.100.202403111256/tools/bin/../lib/gcc/arm-none-eabi/12.3.1/thumb/v7e-m+fp/hard\libgcc.a
LOAD C:/ST/STM32CubeIDE_1.13.1/STM32CubeIDE/plugins/com.st.stm32cube.ide.mcu.externaltools.gnu-tools-for-stm32.12.3.rel1.win32_1.0.100.202403111256/tools/bin/../lib/gcc/arm-none-eabi/12.3.1/../../../../arm-none-eabi/lib/thumb/v7e-m+fp/hard\libc_nano.a
LOAD C:/ST/STM32CubeIDE_1.13.1/STM32CubeIDE/plugins/com.st.stm32cube.ide.mcu.externaltools.gnu-tools-for-stm32.12.3.rel1.win32_1.0.100.202403111256/tools/bin/../lib/gcc/arm-none-eabi/12.3.1/../../../../arm-none-eabi/lib/thumb/v7e-m+fp/hard\libnosys.a
END GROUP
LOAD C:/ST/STM32CubeIDE_1.13.1/STM32CubeIDE/plugins/com.st.stm32cube.ide.mcu.externaltools.gnu-tools-for-stm32.12.3.rel1.win32_1.0.100.202403111256/tools/bin/../lib/gcc/arm-none-eabi/12.3.1/thumb/v7e-m+fp/hard/crtend.o
LOAD C:/ST/STM32CubeIDE_1.13.1/STM32CubeIDE/plugins/com.st.stm32cube.ide.mcu.externaltools.gnu-tools-for-stm32.12.3.rel1.win32_1.0.100.202403111256/tools/bin/../lib/gcc/arm-none-eabi/12.3.1/thumb/v7e-m+fp/hard/crtn.o
                0x20020000                        _estack = (ORIGIN (RAM) + LENGTH (RAM))
                0x00000200                        _Min_Heap_Size = 0x200
                0x00000400                        _Min_Stack_Size = 0x400

.isr_vector     0x08000000      0x198
                0x08000000                        . = ALIGN (0x4)
 *(.isr_vector)
 .isr_vector    0x08000000      0x198 ./Core/Startup/startup_stm32f411vetx.o
                0x08000000                g_pfnVectors
                0x08000198                        . = ALIGN (0x4)

.text           0x080001a0     0x3868
                0x080001a0                        . = ALIGN (0x4)
 *(.text)
 .text          0x080001a0       0x40 C:/ST/STM32CubeIDE_1.13.1/STM32CubeIDE/plugins/com.st.stm32cube.ide.mcu.externaltools.gnu-tools-for-stm32.12.3.rel1.win32_1.0.100.202403111256/tools/bin/../lib/gcc/arm-none-eabi/12.3.1/thumb/v7e-m+fp/hard/crtbegin.o
 .text          0x080001e0       0x10 C:/ST/STM32CubeIDE_1.13.1/STM32CubeIDE/plugins/com.st.stm32cube.ide.mcu.externaltools.gnu-tools-for-stm32.12.3.rel1.win32_1.0.100.202403111256/tools/bin/../lib/gcc/arm-none-eabi/12.3.1/../../../../arm-none-eabi/lib/thumb/v7e-m+fp/hard\libc_nano.a(libc_a-strlen.o)
                0x080001e0                strlen
 .text          0x080001f0       0x30 C:/ST/STM32CubeIDE_1.13.1/STM32CubeIDE/plugins/com.st.stm32cube.ide.mcu.externaltools.gnu-tools-for-stm32.12.3.rel1.win32_1.0.100.202403111256/tools/bin/../lib/gcc/arm-none-eabi/12.3.1/thumb/v7e-m+fp/hard\libgcc.a(_aeabi_uldivmod.o)
                0x080001f0                __aeabi_uldivmod
 .text          0x08000220      0x2bc C:/ST/STM32CubeIDE_1.13.1/STM32CubeIDE/plugins/com.st.stm32cube.ide.mcu.externaltools.gnu-tools-for-stm32.12.3.rel1.win32_1.0.100.202403111256/tools/bin/../lib/gcc/arm-none-eabi/12.3.1/thumb/v7e-m+fp/hard\libgcc.a(_udivmoddi4.o)
                0x08000220                __udivmoddi4
 .text          0x080004dc        0x4 C:/ST/STM32CubeIDE_1.13.1/STM32CubeIDE/plugins/com.st.stm32cube.ide.mcu.externaltools.gnu-tools-for-stm32.12.3.rel1.win32_1.0.100.202403111256/tools/bin/../lib/gcc/arm-none-eabi/12.3.1/thumb/v7e-m+fp/hard\libgcc.a(_dvmd_tls.o)
                0x080004dc                __aeabi_idiv0
                0x080004dc                __aeabi_ldiv0
 *(.text*)
 .text.__NVIC_SetPriorityGrouping
                0x080004e0       0x48 ./Core/Src/main.o
 .text.__NVIC_GetPriorityGrouping
                0x08000528       0x1c ./Core/Src/main.o
 .text.__NVIC_EnableIRQ
                0x08000544       0x3c ./Core/Src/main.o
 .text.__NVIC_SetPriority
                0x08000580       0x54 ./Core/Src/main.o
 .text.NVIC_EncodePriority
                0x080005d4       0x66 ./Core/Src/main.o
 *fill*         0x0800063a        0x2 
 .text.LL_RCC_HSI_Enable
                0x0800063c       0x20 ./Core/Src/main.o
 .text.LL_RCC_HSI_IsReady
                0x0800065c       0x24 ./Core/Src/main.o
 .text.LL_RCC_HSI_SetCalibTrimming
                0x08000680       0x2c ./Core/Src/main.o
 .text.LL_RCC_SetSysClkSource
                0x080006ac       0x28 ./Core/Src/main.o
 .text.LL_RCC_GetSysClkSource
                0x080006d4       0x1c ./Core/Src/main.o
 .text.LL_RCC_SetAHBPrescaler
                0x080006f0       0x28 ./Core/Src/main.o
 .text.LL_RCC_SetAPB1Prescaler
                0x08000718       0x28 ./Core/Src/main.o
 .text.LL_RCC_SetAPB2Prescaler
                0x08000740       0x28 ./Core/Src/main.o
 .text.LL_RCC_SetTIMPrescaler
                0x08000768       0x2c ./Core/Src/main.o
 .text.LL_AHB1_GRP1_EnableClock
                0x08000794       0x30 ./Core/Src/main.o
 .text.LL_APB1_GRP1_EnableClock
                0x080007c4       0x30 ./Core/Src/main.o
 .text.LL_APB2_GRP1_EnableClock
                0x080007f4       0x30 ./Core/Src/main.o
 .text.LL_FLASH_SetLatency
                0x08000824       0x28 ./Core/Src/main.o
 .text.LL_FLASH_GetLatency
                0x0800084c       0x1c ./Core/Src/main.o
 .text.LL_PWR_SetRegulVoltageScaling
                0x08000868       0x28 ./Core/Src/main.o
 .text.LL_USART_Enable
                0x08000890       0x20 ./Core/Src/main.o
 .text.LL_USART_ConfigAsyncMode
                0x080008b0       0x2c ./Core/Src/main.o
 .text.LL_GPIO_IsInputPinSet
                0x080008dc       0x2a ./Core/Src/main.o
 .text.LL_GPIO_SetOutputPin
                0x08000906       0x1c ./Core/Src/main.o
 .text.LL_GPIO_ResetOutputPin
                0x08000922       0x1e ./Core/Src/main.o
 .text.LL_GPIO_TogglePin
                0x08000940       0x32 ./Core/Src/main.o
 *fill*         0x08000972        0x2 
 .text.main     0x08000974       0xd0 ./Core/Src/main.o
                0x08000974                main
 .text.SystemClock_Config
                0x08000a44       0x74 ./Core/Src/main.o
                0x08000a44                SystemClock_Config
 .text.MX_USART1_UART_Init
                0x08000ab8       0xc0 ./Core/Src/main.o
 .text.MX_GPIO_Init
                0x08000b78       0x6c ./Core/Src/main.o
 .text.LED_Task
                0x08000be4       0x5c ./Core/Src/main.o
 .text.UART_Task
                0x08000c40       0xcc ./Core/Src/main.o
 .text.read_button
                0x08000d0c       0x20 ./Core/Src/main.o
 .text.Switch_Task
                0x08000d2c       0xa8 ./Core/Src/main.o
 .text.NMI_Handler
                0x08000dd4        0x8 ./Core/Src/stm32f4xx_it.o
                0x08000dd4                NMI_Handler
 .text.HardFault_Handler
                0x08000ddc        0x8 ./Core/Src/stm32f4xx_it.o
                0x08000ddc                HardFault_Handler
 .text.MemManage_Handler
                0x08000de4        0x8 ./Core/Src/stm32f4xx_it.o
                0x08000de4                MemManage_Handler
 .text.BusFault_Handler
                0x08000dec        0x8 ./Core/Src/stm32f4xx_it.o
                0x08000dec                BusFault_Handler
 .text.UsageFault_Handler
                0x08000df4        0x8 ./Core/Src/stm32f4xx_it.o
                0x08000df4                UsageFault_Handler
 .text.DebugMon_Handler
                0x08000dfc        0xe ./Core/Src/stm32f4xx_it.o
                0x08000dfc                DebugMon_Handler
 .text.USART1_IRQHandler
                0x08000e0a        0xc ./Core/Src/stm32f4xx_it.o
                0x08000e0a                USART1_IRQHandler
 *fill*         0x08000e16        0x2 
 .text.SystemInit
                0x08000e18       0x24 ./Core/Src/system_stm32f4xx.o
                0x08000e18                SystemInit
 .text.Reset_Handler
                0x08000e3c       0x50 ./Core/Startup/startup_stm32f411vetx.o
                0x08000e3c                Reset_Handler
 .text.Default_Handler
                0x08000e8c        0x2 ./Core/Startup/startup_stm32f411vetx.o
                0x08000e8c                RTC_Alarm_IRQHandler
                0x08000e8c                EXTI2_IRQHandler
                0x08000e8c                SPI4_IRQHandler
                0x08000e8c                TIM1_CC_IRQHandler
                0x08000e8c                DMA2_Stream5_IRQHandler
                0x08000e8c                DMA1_Stream5_IRQHandler
                0x08000e8c                PVD_IRQHandler
                0x08000e8c                SDIO_IRQHandler
                0x08000e8c                TAMP_STAMP_IRQHandler
                0x08000e8c                EXTI3_IRQHandler
                0x08000e8c                TIM1_UP_TIM10_IRQHandler
                0x08000e8c                I2C3_ER_IRQHandler
                0x08000e8c                EXTI0_IRQHandler
                0x08000e8c                I2C2_EV_IRQHandler
                0x08000e8c                DMA1_Stream2_IRQHandler
                0x08000e8c                FPU_IRQHandler
                0x08000e8c                DMA2_Stream2_IRQHandler
                0x08000e8c                SPI1_IRQHandler
                0x08000e8c                TIM1_BRK_TIM9_IRQHandler
                0x08000e8c                DMA2_Stream3_IRQHandler
                0x08000e8c                USART6_IRQHandler
                0x08000e8c                DMA2_Stream0_IRQHandler
                0x08000e8c                TIM4_IRQHandler
                0x08000e8c                I2C1_EV_IRQHandler
                0x08000e8c                DMA1_Stream6_IRQHandler
                0x08000e8c                DMA1_Stream1_IRQHandler
                0x08000e8c                TIM3_IRQHandler
                0x08000e8c                RCC_IRQHandler
                0x08000e8c                Default_Handler
                0x08000e8c                EXTI15_10_IRQHandler
                0x08000e8c                ADC_IRQHandler
                0x08000e8c                DMA1_Stream7_IRQHandler
                0x08000e8c                SPI5_IRQHandler
                0x08000e8c                TIM5_IRQHandler
                0x08000e8c                DMA2_Stream7_IRQHandler
                0x08000e8c                I2C3_EV_IRQHandler
                0x08000e8c                EXTI9_5_IRQHandler
                0x08000e8c                RTC_WKUP_IRQHandler
                0x08000e8c                SPI2_IRQHandler
                0x08000e8c                DMA1_Stream0_IRQHandler
                0x08000e8c                EXTI4_IRQHandler
                0x08000e8c                WWDG_IRQHandler
                0x08000e8c                TIM2_IRQHandler
                0x08000e8c                OTG_FS_WKUP_IRQHandler
                0x08000e8c                TIM1_TRG_COM_TIM11_IRQHandler
                0x08000e8c                EXTI1_IRQHandler
                0x08000e8c                USART2_IRQHandler
                0x08000e8c                I2C2_ER_IRQHandler
                0x08000e8c                DMA2_Stream1_IRQHandler
                0x08000e8c                FLASH_IRQHandler
                0x08000e8c                DMA2_Stream4_IRQHandler
                0x08000e8c                OTG_FS_IRQHandler
                0x08000e8c                SPI3_IRQHandler
                0x08000e8c                DMA1_Stream4_IRQHandler
                0x08000e8c                I2C1_ER_IRQHandler
                0x08000e8c                DMA2_Stream6_IRQHandler
                0x08000e8c                DMA1_Stream3_IRQHandler
 .text.LL_GPIO_SetPinMode
                0x08000e8e       0x7a ./Drivers/STM32F4xx_HAL_Driver/Src/stm32f4xx_ll_gpio.o
 .text.LL_GPIO_SetPinOutputType
                0x08000f08       0x30 ./Drivers/STM32F4xx_HAL_Driver/Src/stm32f4xx_ll_gpio.o
 .text.LL_GPIO_SetPinSpeed
                0x08000f38       0x7a ./Drivers/STM32F4xx_HAL_Driver/Src/stm32f4xx_ll_gpio.o
 .text.LL_GPIO_SetPinPull
                0x08000fb2       0x7a ./Drivers/STM32F4xx_HAL_Driver/Src/stm32f4xx_ll_gpio.o
 .text.LL_GPIO_SetAFPin_0_7
                0x0800102c       0x7a ./Drivers/STM32F4xx_HAL_Driver/Src/stm32f4xx_ll_gpio.o
 .text.LL_GPIO_SetAFPin_8_15
                0x080010a6       0x7e ./Drivers/STM32F4xx_HAL_Driver/Src/stm32f4xx_ll_gpio.o
 .text.LL_GPIO_Init
                0x08001124      0x102 ./Drivers/STM32F4xx_HAL_Driver/Src/stm32f4xx_ll_gpio.o
                0x08001124                LL_GPIO_Init
 *fill*         0x08001226        0x2 
 .text.LL_RCC_GetSysClkSource
                0x08001228       0x1c ./Drivers/STM32F4xx_HAL_Driver/Src/stm32f4xx_ll_rcc.o
 .text.LL_RCC_GetAHBPrescaler
                0x08001244       0x1c ./Drivers/STM32F4xx_HAL_Driver/Src/stm32f4xx_ll_rcc.o
 .text.LL_RCC_GetAPB1Prescaler
                0x08001260       0x1c ./Drivers/STM32F4xx_HAL_Driver/Src/stm32f4xx_ll_rcc.o
 .text.LL_RCC_GetAPB2Prescaler
                0x0800127c       0x1c ./Drivers/STM32F4xx_HAL_Driver/Src/stm32f4xx_ll_rcc.o
 .text.LL_RCC_PLL_GetMainSource
                0x08001298       0x1c ./Drivers/STM32F4xx_HAL_Driver/Src/stm32f4xx_ll_rcc.o
 .text.LL_RCC_PLL_GetN
                0x080012b4       0x1c ./Drivers/STM32F4xx_HAL_Driver/Src/stm32f4xx_ll_rcc.o
 .text.LL_RCC_PLL_GetP
                0x080012d0       0x1c ./Drivers/STM32F4xx_HAL_Driver/Src/stm32f4xx_ll_rcc.o
 .text.LL_RCC_PLL_GetDivider
                0x080012ec       0x1c ./Drivers/STM32F4xx_HAL_Driver/Src/stm32f4xx_ll_rcc.o
 .text.LL_RCC_GetSystemClocksFreq
                0x08001308       0x4a ./Drivers/STM32F4xx_HAL_Driver/Src/stm32f4xx_ll_rcc.o
                0x08001308                LL_RCC_GetSystemClocksFreq
 *fill*         0x08001352        0x2 
 .text.RCC_GetSystemClockFreq
                0x08001354       0x50 ./Drivers/STM32F4xx_HAL_Driver/Src/stm32f4xx_ll_rcc.o
                0x08001354                RCC_GetSystemClockFreq
 .text.RCC_GetHCLKClockFreq
                0x080013a4       0x2c ./Drivers/STM32F4xx_HAL_Driver/Src/stm32f4xx_ll_rcc.o
                0x080013a4                RCC_GetHCLKClockFreq
 .text.RCC_GetPCLK1ClockFreq
                0x080013d0       0x28 ./Drivers/STM32F4xx_HAL_Driver/Src/stm32f4xx_ll_rcc.o
                0x080013d0                RCC_GetPCLK1ClockFreq
 .text.RCC_GetPCLK2ClockFreq
                0x080013f8       0x28 ./Drivers/STM32F4xx_HAL_Driver/Src/stm32f4xx_ll_rcc.o
                0x080013f8                RCC_GetPCLK2ClockFreq
 .text.RCC_PLL_GetFreqDomain_SYS
                0x08001420       0x7c ./Drivers/STM32F4xx_HAL_Driver/Src/stm32f4xx_ll_rcc.o
                0x08001420                RCC_PLL_GetFreqDomain_SYS
 .text.LL_USART_IsEnabled
                0x0800149c       0x28 ./Drivers/STM32F4xx_HAL_Driver/Src/stm32f4xx_ll_usart.o
 .text.LL_USART_SetStopBitsLength
                0x080014c4       0x26 ./Drivers/STM32F4xx_HAL_Driver/Src/stm32f4xx_ll_usart.o
 .text.LL_USART_SetHWFlowCtrl
                0x080014ea       0x26 ./Drivers/STM32F4xx_HAL_Driver/Src/stm32f4xx_ll_usart.o
 .text.LL_USART_SetBaudRate
                0x08001510      0x45c ./Drivers/STM32F4xx_HAL_Driver/Src/stm32f4xx_ll_usart.o
 .text.LL_USART_Init
                0x0800196c       0xc8 ./Drivers/STM32F4xx_HAL_Driver/Src/stm32f4xx_ll_usart.o
                0x0800196c                LL_USART_Init
 .text.LL_InitTick
                0x08001a34       0x34 ./Drivers/STM32F4xx_HAL_Driver/Src/stm32f4xx_ll_utils.o
 .text.LL_Init1msTick
                0x08001a68       0x1a ./Drivers/STM32F4xx_HAL_Driver/Src/stm32f4xx_ll_utils.o
                0x08001a68                LL_Init1msTick
 *fill*         0x08001a82        0x2 
 .text.LL_SetSystemCoreClock
                0x08001a84       0x20 ./Drivers/STM32F4xx_HAL_Driver/Src/stm32f4xx_ll_utils.o
                0x08001a84                LL_SetSystemCoreClock
 .text.vListInitialise
                0x08001aa4       0x40 ./FREERTOS/list.o
                0x08001aa4                vListInitialise
 .text.vListInitialiseItem
                0x08001ae4       0x1a ./FREERTOS/list.o
                0x08001ae4                vListInitialiseItem
 .text.vListInsert
                0x08001afe       0x72 ./FREERTOS/list.o
                0x08001afe                vListInsert
 .text.uxListRemove
                0x08001b70       0x54 ./FREERTOS/list.o
                0x08001b70                uxListRemove
 .text.xQueueGenericReset
                0x08001bc4       0xe8 ./FREERTOS/queue.o
                0x08001bc4                xQueueGenericReset
 .text.xQueueGenericCreate
                0x08001cac       0x7e ./FREERTOS/queue.o
                0x08001cac                xQueueGenericCreate
 .text.prvInitialiseNewQueue
                0x08001d2a       0x3e ./FREERTOS/queue.o
 .text.xQueueGenericSend
                0x08001d68      0x154 ./FREERTOS/queue.o
                0x08001d68                xQueueGenericSend
 .text.xQueueReceive
                0x08001ebc      0x144 ./FREERTOS/queue.o
                0x08001ebc                xQueueReceive
 .text.prvCopyDataToQueue
                0x08002000       0xd4 ./FREERTOS/queue.o
 .text.prvCopyDataFromQueue
                0x080020d4       0x4c ./FREERTOS/queue.o
 .text.prvUnlockQueue
                0x08002120       0xa4 ./FREERTOS/queue.o
 .text.prvIsQueueEmpty
                0x080021c4       0x2c ./FREERTOS/queue.o
 .text.prvIsQueueFull
                0x080021f0       0x30 ./FREERTOS/queue.o
 .text.prvCreateTask
                0x08002220       0x7a ./FREERTOS/tasks.o
 .text.xTaskCreate
                0x0800229a       0x48 ./FREERTOS/tasks.o
                0x0800229a                xTaskCreate
 .text.prvInitialiseNewTask
                0x080022e2       0xd0 ./FREERTOS/tasks.o
 *fill*         0x080023b2        0x2 
 .text.prvAddNewTaskToReadyList
                0x080023b4      0x124 ./FREERTOS/tasks.o
 .text.vTaskDelay
                0x080024d8       0x48 ./FREERTOS/tasks.o
                0x080024d8                vTaskDelay
 .text.prvCreateIdleTasks
                0x08002520       0x94 ./FREERTOS/tasks.o
 .text.vTaskStartScheduler
                0x080025b4       0x5c ./FREERTOS/tasks.o
                0x080025b4                vTaskStartScheduler
 .text.vTaskSuspendAll
                0x08002610       0x1c ./FREERTOS/tasks.o
                0x08002610                vTaskSuspendAll
 .text.xTaskResumeAll
                0x0800262c      0x1ec ./FREERTOS/tasks.o
                0x0800262c                xTaskResumeAll
 .text.xTaskIncrementTick
                0x08002818      0x20c ./FREERTOS/tasks.o
                0x08002818                xTaskIncrementTick
 .text.vTaskSwitchContext
                0x08002a24       0x90 ./FREERTOS/tasks.o
                0x08002a24                vTaskSwitchContext
 .text.vTaskPlaceOnEventList
                0x08002ab4       0x2c ./FREERTOS/tasks.o
                0x08002ab4                vTaskPlaceOnEventList
 .text.xTaskRemoveFromEventList
                0x08002ae0      0x190 ./FREERTOS/tasks.o
                0x08002ae0                xTaskRemoveFromEventList
 .text.vTaskInternalSetTimeOutState
                0x08002c70       0x2c ./FREERTOS/tasks.o
                0x08002c70                vTaskInternalSetTimeOutState
 .text.xTaskCheckForTimeOut
                0x08002c9c       0x94 ./FREERTOS/tasks.o
                0x08002c9c                xTaskCheckForTimeOut
 .text.vTaskMissedYield
                0x08002d30       0x18 ./FREERTOS/tasks.o
                0x08002d30                vTaskMissedYield
 .text.prvIdleTask
                0x08002d48       0x30 ./FREERTOS/tasks.o
 .text.prvInitialiseTaskLists
                0x08002d78       0x80 ./FREERTOS/tasks.o
 .text.prvCheckTasksWaitingTermination
                0x08002df8       0x5c ./FREERTOS/tasks.o
 .text.prvDeleteTCB
                0x08002e54       0x20 ./FREERTOS/tasks.o
 .text.prvResetNextTaskUnblockTime
                0x08002e74       0x38 ./FREERTOS/tasks.o
 .text.xTaskPriorityDisinherit
                0x08002eac      0x104 ./FREERTOS/tasks.o
                0x08002eac                xTaskPriorityDisinherit
 .text.prvAddCurrentTaskToDelayedList
                0x08002fb0      0x104 ./FREERTOS/tasks.o
 .text.pxPortInitialiseStack
                0x080030b4       0x68 ./FREERTOS/portable/GCC/ARM_CM4F/port.o
                0x080030b4                pxPortInitialiseStack
 .text.prvTaskExitError
                0x0800311c       0x34 ./FREERTOS/portable/GCC/ARM_CM4F/port.o
 .text.vPortSVCHandler
                0x08003150       0x28 ./FREERTOS/portable/GCC/ARM_CM4F/port.o
                0x08003150                vPortSVCHandler
 .text.prvPortStartFirstTask
                0x08003178       0x2c ./FREERTOS/portable/GCC/ARM_CM4F/port.o
 .text.xPortStartScheduler
                0x080031a4       0x70 ./FREERTOS/portable/GCC/ARM_CM4F/port.o
                0x080031a4                xPortStartScheduler
 .text.vPortEnterCritical
                0x08003214       0x34 ./FREERTOS/portable/GCC/ARM_CM4F/port.o
                0x08003214                vPortEnterCritical
 .text.vPortExitCritical
                0x08003248       0x34 ./FREERTOS/portable/GCC/ARM_CM4F/port.o
                0x08003248                vPortExitCritical
 *fill*         0x0800327c        0x4 
 .text.xPortPendSVHandler
                0x08003280       0x68 ./FREERTOS/portable/GCC/ARM_CM4F/port.o
                0x08003280                xPortPendSVHandler
 .text.xPortSysTickHandler
                0x080032e8       0x44 ./FREERTOS/portable/GCC/ARM_CM4F/port.o
                0x080032e8                xPortSysTickHandler
 .text.vPortSetupTimerInterrupt
                0x0800332c       0x34 ./FREERTOS/portable/GCC/ARM_CM4F/port.o
                0x0800332c                vPortSetupTimerInterrupt
 .text.vPortEnableVFP
                0x08003360       0x18 ./FREERTOS/portable/GCC/ARM_CM4F/port.o
 .text.pvPortMalloc
                0x08003378      0x15c ./FREERTOS/portable/heap_4.o
                0x08003378                pvPortMalloc
 .text.vPortFree
                0x080034d4       0x7c ./FREERTOS/portable/heap_4.o
                0x080034d4                vPortFree
 .text.prvHeapInit
                0x08003550       0xb4 ./FREERTOS/portable/heap_4.o
 .text.prvInsertBlockIntoFreeList
                0x08003604       0xb4 ./FREERTOS/portable/heap_4.o
 .text.__NVIC_EnableIRQ
                0x080036b8       0x3c ./Utils/uartstdio.o
 .text.__NVIC_DisableIRQ
                0x080036f4       0x48 ./Utils/uartstdio.o
 .text.LL_USART_IsActiveFlag_RXNE
                0x0800373c       0x26 ./Utils/uartstdio.o
 .text.LL_USART_IsActiveFlag_TC
                0x08003762       0x26 ./Utils/uartstdio.o
 .text.LL_USART_ClearFlag_TC
                0x08003788       0x1c ./Utils/uartstdio.o
 .text.LL_USART_DisableIT_TC
                0x080037a4       0x46 ./Utils/uartstdio.o
 .text.LL_USART_ReceiveData8
                0x080037ea       0x1a ./Utils/uartstdio.o
 .text.LL_USART_TransmitData8
                0x08003804       0x1e ./Utils/uartstdio.o
 .text.IsBufferEmpty
                0x08003822       0x30 ./Utils/uartstdio.o
 *fill*         0x08003852        0x2 
 .text.UARTPrimeTransmit
                0x08003854       0x68 ./Utils/uartstdio.o
 .text.UARTStdioIntHandler
                0x080038bc       0xa0 ./Utils/uartstdio.o
                0x080038bc                UARTStdioIntHandler
 .text.memcmp   0x0800395c       0x20 C:/ST/STM32CubeIDE_1.13.1/STM32CubeIDE/plugins/com.st.stm32cube.ide.mcu.externaltools.gnu-tools-for-stm32.12.3.rel1.win32_1.0.100.202403111256/tools/bin/../lib/gcc/arm-none-eabi/12.3.1/../../../../arm-none-eabi/lib/thumb/v7e-m+fp/hard\libc_nano.a(libc_a-memcmp.o)
                0x0800395c                memcmp
 .text.memset   0x0800397c       0x10 C:/ST/STM32CubeIDE_1.13.1/STM32CubeIDE/plugins/com.st.stm32cube.ide.mcu.externaltools.gnu-tools-for-stm32.12.3.rel1.win32_1.0.100.202403111256/tools/bin/../lib/gcc/arm-none-eabi/12.3.1/../../../../arm-none-eabi/lib/thumb/v7e-m+fp/hard\libc_nano.a(libc_a-memset.o)
                0x0800397c                memset
 .text.__libc_init_array
                0x0800398c       0x48 C:/ST/STM32CubeIDE_1.13.1/STM32CubeIDE/plugins/com.st.stm32cube.ide.mcu.externaltools.gnu-tools-for-stm32.12.3.rel1.win32_1.0.100.202403111256/tools/bin/../lib/gcc/arm-none-eabi/12.3.1/../../../../arm-none-eabi/lib/thumb/v7e-m+fp/hard\libc_nano.a(libc_a-init.o)
                0x0800398c                __libc_init_array
 .text.memcpy   0x080039d4       0x1c C:/ST/STM32CubeIDE_1.13.1/STM32CubeIDE/plugins/com.st.stm32cube.ide.mcu.externaltools.gnu-tools-for-stm32.12.3.rel1.win32_1.0.100.202403111256/tools/bin/../lib/gcc/arm-none-eabi/12.3.1/../../../../arm-none-eabi/lib/thumb/v7e-m+fp/hard\libc_nano.a(libc_a-memcpy-stub.o)
                0x080039d4                memcpy
 *(.glue_7)
 .glue_7        0x080039f0        0x0 linker stubs
 *(.glue_7t)
 .glue_7t       0x080039f0        0x0 linker stubs
 *(.eh_frame)
 .eh_frame      0x080039f0        0x0 C:/ST/STM32CubeIDE_1.13.1/STM32CubeIDE/plugins/com.st.stm32cube.ide.mcu.externaltools.gnu-tools-for-stm32.12.3.rel1.win32_1.0.100.202403111256/tools/bin/../lib/gcc/arm-none-eabi/12.3.1/thumb/v7e-m+fp/hard/crtbegin.o
 *(.init)
 .init          0x080039f0        0x4 C:/ST/STM32CubeIDE_1.13.1/STM32CubeIDE/plugins/com.st.stm32cube.ide.mcu.externaltools.gnu-tools-for-stm32.12.3.rel1.win32_1.0.100.202403111256/tools/bin/../lib/gcc/arm-none-eabi/12.3.1/thumb/v7e-m+fp/hard/crti.o
                0x080039f0                _init
 .init          0x080039f4        0x8 C:/ST/STM32CubeIDE_1.13.1/STM32CubeIDE/plugins/com.st.stm32cube.ide.mcu.externaltools.gnu-tools-for-stm32.12.3.rel1.win32_1.0.100.202403111256/tools/bin/../lib/gcc/arm-none-eabi/12.3.1/thumb/v7e-m+fp/hard/crtn.o
 *(.fini)
 .fini          0x080039fc        0x4 C:/ST/STM32CubeIDE_1.13.1/STM32CubeIDE/plugins/com.st.stm32cube.ide.mcu.externaltools.gnu-tools-for-stm32.12.3.rel1.win32_1.0.100.202403111256/tools/bin/../lib/gcc/arm-none-eabi/12.3.1/thumb/v7e-m+fp/hard/crti.o
                0x080039fc                _fini
 .fini          0x08003a00        0x8 C:/ST/STM32CubeIDE_1.13.1/STM32CubeIDE/plugins/com.st.stm32cube.ide.mcu.externaltools.gnu-tools-for-stm32.12.3.rel1.win32_1.0.100.202403111256/tools/bin/../lib/gcc/arm-none-eabi/12.3.1/thumb/v7e-m+fp/hard/crtn.o
                0x08003a08                        . = ALIGN (0x4)
                0x08003a08                        _etext = .

.vfp11_veneer   0x08003a08        0x0
 .vfp11_veneer  0x08003a08        0x0 linker stubs

.v4_bx          0x08003a08        0x0
 .v4_bx         0x08003a08        0x0 linker stubs

.iplt           0x08003a08        0x0
 .iplt          0x08003a08        0x0 C:/ST/STM32CubeIDE_1.13.1/STM32CubeIDE/plugins/com.st.stm32cube.ide.mcu.externaltools.gnu-tools-for-stm32.12.3.rel1.win32_1.0.100.202403111256/tools/bin/../lib/gcc/arm-none-eabi/12.3.1/thumb/v7e-m+fp/hard/crtbegin.o

.rodata         0x08003a08       0x54
                0x08003a08                        . = ALIGN (0x4)
 *(.rodata)
 .rodata        0x08003a08       0x34 ./Core/Src/main.o
 .rodata        0x08003a3c        0x5 ./FREERTOS/tasks.o
 *(.rodata*)
 *fill*         0x08003a41        0x3 
 .rodata.AHBPrescTable
                0x08003a44       0x10 ./Core/Src/system_stm32f4xx.o
                0x08003a44                AHBPrescTable
 .rodata.APBPrescTable
                0x08003a54        0x8 ./Core/Src/system_stm32f4xx.o
                0x08003a54                APBPrescTable
                0x08003a5c                        . = ALIGN (0x4)

.ARM.extab      0x08003a5c        0x0
                0x08003a5c                        . = ALIGN (0x4)
 *(.ARM.extab* .gnu.linkonce.armextab.*)
                0x08003a5c                        . = ALIGN (0x4)

.ARM            0x08003a5c        0x8
                0x08003a5c                        . = ALIGN (0x4)
                0x08003a5c                        __exidx_start = .
 *(.ARM.exidx*)
 .ARM.exidx     0x08003a5c        0x8 C:/ST/STM32CubeIDE_1.13.1/STM32CubeIDE/plugins/com.st.stm32cube.ide.mcu.externaltools.gnu-tools-for-stm32.12.3.rel1.win32_1.0.100.202403111256/tools/bin/../lib/gcc/arm-none-eabi/12.3.1/../../../../arm-none-eabi/lib/thumb/v7e-m+fp/hard\libc_nano.a(libc_a-strlen.o)
 .ARM.exidx     0x08003a64        0x0 C:/ST/STM32CubeIDE_1.13.1/STM32CubeIDE/plugins/com.st.stm32cube.ide.mcu.externaltools.gnu-tools-for-stm32.12.3.rel1.win32_1.0.100.202403111256/tools/bin/../lib/gcc/arm-none-eabi/12.3.1/thumb/v7e-m+fp/hard\libgcc.a(_udivmoddi4.o)
                                  0x8 (size before relaxing)
                0x08003a64                        __exidx_end = .
                0x08003a64                        . = ALIGN (0x4)

.preinit_array  0x08003a64        0x0
                0x08003a64                        . = ALIGN (0x4)
                0x08003a64                        PROVIDE (__preinit_array_start = .)
 *(.preinit_array*)
                0x08003a64                        PROVIDE (__preinit_array_end = .)
                0x08003a64                        . = ALIGN (0x4)

.init_array     0x08003a64        0x4
                0x08003a64                        . = ALIGN (0x4)
                0x08003a64                        PROVIDE (__init_array_start = .)
 *(SORT_BY_NAME(.init_array.*))
 *(.init_array*)
 .init_array    0x08003a64        0x4 C:/ST/STM32CubeIDE_1.13.1/STM32CubeIDE/plugins/com.st.stm32cube.ide.mcu.externaltools.gnu-tools-for-stm32.12.3.rel1.win32_1.0.100.202403111256/tools/bin/../lib/gcc/arm-none-eabi/12.3.1/thumb/v7e-m+fp/hard/crtbegin.o
                0x08003a68                        PROVIDE (__init_array_end = .)
                0x08003a68                        . = ALIGN (0x4)

.fini_array     0x08003a68        0x4
                0x08003a68                        . = ALIGN (0x4)
                [!provide]                        PROVIDE (__fini_array_start = .)
 *(SORT_BY_NAME(.fini_array.*))
 *(.fini_array*)
 .fini_array    0x08003a68        0x4 C:/ST/STM32CubeIDE_1.13.1/STM32CubeIDE/plugins/com.st.stm32cube.ide.mcu.externaltools.gnu-tools-for-stm32.12.3.rel1.win32_1.0.100.202403111256/tools/bin/../lib/gcc/arm-none-eabi/12.3.1/thumb/v7e-m+fp/hard/crtbegin.o
                [!provide]                        PROVIDE (__fini_array_end = .)
                0x08003a6c                        . = ALIGN (0x4)
                0x08003a6c                        _sidata = LOADADDR (.data)

.rel.dyn        0x08003a6c        0x0
 .rel.iplt      0x08003a6c        0x0 C:/ST/STM32CubeIDE_1.13.1/STM32CubeIDE/plugins/com.st.stm32cube.ide.mcu.externaltools.gnu-tools-for-stm32.12.3.rel1.win32_1.0.100.202403111256/tools/bin/../lib/gcc/arm-none-eabi/12.3.1/thumb/v7e-m+fp/hard/crtbegin.o

.data           0x20000000        0xc load address 0x08003a6c
                0x20000000                        . = ALIGN (0x4)
                0x20000000                        _sdata = .
 *(.data)
 *(.data*)
 .data.SystemCoreClock
                0x20000000        0x4 ./Core/Src/system_stm32f4xx.o
                0x20000000                SystemCoreClock
 .data.uxTopUsedPriority
                0x20000004        0x4 ./FREERTOS/tasks.o
 .data.uxCriticalNesting
                0x20000008        0x4 ./FREERTOS/portable/GCC/ARM_CM4F/port.o
 *(.RamFunc)
 *(.RamFunc*)
                0x2000000c                        . = ALIGN (0x4)
                0x2000000c                        _edata = .

.igot.plt       0x2000000c        0x0 load address 0x08003a78
 .igot.plt      0x2000000c        0x0 C:/ST/STM32CubeIDE_1.13.1/STM32CubeIDE/plugins/com.st.stm32cube.ide.mcu.externaltools.gnu-tools-for-stm32.12.3.rel1.win32_1.0.100.202403111256/tools/bin/../lib/gcc/arm-none-eabi/12.3.1/thumb/v7e-m+fp/hard/crtbegin.o
                0x2000000c                        . = ALIGN (0x4)

.bss            0x2000000c     0x45e0 load address 0x08003a78
                0x2000000c                        _sbss = .
                0x2000000c                        __bss_start__ = _sbss
 *(.bss)
 .bss           0x2000000c       0x1c C:/ST/STM32CubeIDE_1.13.1/STM32CubeIDE/plugins/com.st.stm32cube.ide.mcu.externaltools.gnu-tools-for-stm32.12.3.rel1.win32_1.0.100.202403111256/tools/bin/../lib/gcc/arm-none-eabi/12.3.1/thumb/v7e-m+fp/hard/crtbegin.o
 *(.bss*)
 .bss.queue_led
                0x20000028        0x4 ./Core/Src/main.o
                0x20000028                queue_led
 .bss.state     0x2000002c        0x1 ./Core/Src/main.o
                0x2000002c                state
 *fill*         0x2000002d        0x3 
 .bss.data_uart_1
                0x20000030        0xc ./Core/Src/main.o
                0x20000030                data_uart_1
 .bss.pxCurrentTCB
                0x2000003c        0x4 ./FREERTOS/tasks.o
                0x2000003c                pxCurrentTCB
 .bss.pxReadyTasksLists
                0x20000040       0x64 ./FREERTOS/tasks.o
 .bss.xDelayedTaskList1
                0x200000a4       0x14 ./FREERTOS/tasks.o
 .bss.xDelayedTaskList2
                0x200000b8       0x14 ./FREERTOS/tasks.o
 .bss.pxDelayedTaskList
                0x200000cc        0x4 ./FREERTOS/tasks.o
 .bss.pxOverflowDelayedTaskList
                0x200000d0        0x4 ./FREERTOS/tasks.o
 .bss.xPendingReadyList
                0x200000d4       0x14 ./FREERTOS/tasks.o
 .bss.xTasksWaitingTermination
                0x200000e8       0x14 ./FREERTOS/tasks.o
 .bss.uxDeletedTasksWaitingCleanUp
                0x200000fc        0x4 ./FREERTOS/tasks.o
 .bss.xSuspendedTaskList
                0x20000100       0x14 ./FREERTOS/tasks.o
 .bss.uxCurrentNumberOfTasks
                0x20000114        0x4 ./FREERTOS/tasks.o
 .bss.xTickCount
                0x20000118        0x4 ./FREERTOS/tasks.o
 .bss.uxTopReadyPriority
                0x2000011c        0x4 ./FREERTOS/tasks.o
 .bss.xSchedulerRunning
                0x20000120        0x4 ./FREERTOS/tasks.o
 .bss.xPendedTicks
                0x20000124        0x4 ./FREERTOS/tasks.o
 .bss.xYieldPendings
                0x20000128        0x4 ./FREERTOS/tasks.o
 .bss.xNumOfOverflows
                0x2000012c        0x4 ./FREERTOS/tasks.o
 .bss.uxTaskNumber
                0x20000130        0x4 ./FREERTOS/tasks.o
 .bss.xNextTaskUnblockTime
                0x20000134        0x4 ./FREERTOS/tasks.o
 .bss.xIdleTaskHandles
                0x20000138        0x4 ./FREERTOS/tasks.o
 .bss.uxSchedulerSuspended
                0x2000013c        0x4 ./FREERTOS/tasks.o
 .bss.ucHeap    0x20000140     0x4400 ./FREERTOS/portable/heap_4.o
 .bss.xStart    0x20004540        0x8 ./FREERTOS/portable/heap_4.o
 .bss.pxEnd     0x20004548        0x4 ./FREERTOS/portable/heap_4.o
 .bss.xFreeBytesRemaining
                0x2000454c        0x4 ./FREERTOS/portable/heap_4.o
 .bss.xMinimumEverFreeBytesRemaining
                0x20004550        0x4 ./FREERTOS/portable/heap_4.o
 .bss.xNumberOfSuccessfulAllocations
                0x20004554        0x4 ./FREERTOS/portable/heap_4.o
 .bss.xNumberOfSuccessfulFrees
                0x20004558        0x4 ./FREERTOS/portable/heap_4.o
 .bss.uartstdio_device
                0x2000455c        0x8 ./Utils/uartstdio.o
 .bss.g_pcUARTTxBuffer
                0x20004564       0x80 ./Utils/uartstdio.o
 .bss.g_ui32UARTTxWriteIndex
                0x200045e4        0x4 ./Utils/uartstdio.o
 .bss.g_ui32UARTTxReadIndex
                0x200045e8        0x4 ./Utils/uartstdio.o
 *(COMMON)
                0x200045ec                        . = ALIGN (0x4)
                0x200045ec                        _ebss = .
                0x200045ec                        __bss_end__ = _ebss

._user_heap_stack
                0x200045ec      0x604 load address 0x08003a78
                0x200045f0                        . = ALIGN (0x8)
 *fill*         0x200045ec        0x4 
                [!provide]                        PROVIDE (end = .)
                0x200045f0                        PROVIDE (_end = .)
                0x200047f0                        . = (. + _Min_Heap_Size)
 *fill*         0x200045f0      0x200 
                0x20004bf0                        . = (. + _Min_Stack_Size)
 *fill*         0x200047f0      0x400 
                0x20004bf0                        . = ALIGN (0x8)

/DISCARD/
 libc.a(*)
 libm.a(*)
 libgcc.a(*)

.ARM.attributes
                0x00000000       0x30
 *(.ARM.attributes)
 .ARM.attributes
                0x00000000       0x22 C:/ST/STM32CubeIDE_1.13.1/STM32CubeIDE/plugins/com.st.stm32cube.ide.mcu.externaltools.gnu-tools-for-stm32.12.3.rel1.win32_1.0.100.202403111256/tools/bin/../lib/gcc/arm-none-eabi/12.3.1/thumb/v7e-m+fp/hard/crti.o
 .ARM.attributes
                0x00000022       0x34 C:/ST/STM32CubeIDE_1.13.1/STM32CubeIDE/plugins/com.st.stm32cube.ide.mcu.externaltools.gnu-tools-for-stm32.12.3.rel1.win32_1.0.100.202403111256/tools/bin/../lib/gcc/arm-none-eabi/12.3.1/thumb/v7e-m+fp/hard/crtbegin.o
 .ARM.attributes
                0x00000056       0x34 ./Core/Src/main.o
 .ARM.attributes
                0x0000008a       0x34 ./Core/Src/stm32f4xx_it.o
 .ARM.attributes
                0x000000be       0x34 ./Core/Src/system_stm32f4xx.o
 .ARM.attributes
                0x000000f2       0x21 ./Core/Startup/startup_stm32f411vetx.o
 .ARM.attributes
                0x00000113       0x34 ./Drivers/STM32F4xx_HAL_Driver/Src/stm32f4xx_ll_gpio.o
 .ARM.attributes
                0x00000147       0x34 ./Drivers/STM32F4xx_HAL_Driver/Src/stm32f4xx_ll_rcc.o
 .ARM.attributes
                0x0000017b       0x34 ./Drivers/STM32F4xx_HAL_Driver/Src/stm32f4xx_ll_usart.o
 .ARM.attributes
                0x000001af       0x34 ./Drivers/STM32F4xx_HAL_Driver/Src/stm32f4xx_ll_utils.o
 .ARM.attributes
                0x000001e3       0x34 ./FREERTOS/list.o
 .ARM.attributes
                0x00000217       0x34 ./FREERTOS/queue.o
 .ARM.attributes
                0x0000024b       0x34 ./FREERTOS/tasks.o
 .ARM.attributes
                0x0000027f       0x34 ./FREERTOS/portable/GCC/ARM_CM4F/port.o
 .ARM.attributes
                0x000002b3       0x34 ./FREERTOS/portable/heap_4.o
 .ARM.attributes
                0x000002e7       0x34 ./Utils/uartstdio.o
 .ARM.attributes
                0x0000031b       0x34 C:/ST/STM32CubeIDE_1.13.1/STM32CubeIDE/plugins/com.st.stm32cube.ide.mcu.externaltools.gnu-tools-for-stm32.12.3.rel1.win32_1.0.100.202403111256/tools/bin/../lib/gcc/arm-none-eabi/12.3.1/../../../../arm-none-eabi/lib/thumb/v7e-m+fp/hard\libc_nano.a(libc_a-memcmp.o)
 .ARM.attributes
                0x0000034f       0x34 C:/ST/STM32CubeIDE_1.13.1/STM32CubeIDE/plugins/com.st.stm32cube.ide.mcu.externaltools.gnu-tools-for-stm32.12.3.rel1.win32_1.0.100.202403111256/tools/bin/../lib/gcc/arm-none-eabi/12.3.1/../../../../arm-none-eabi/lib/thumb/v7e-m+fp/hard\libc_nano.a(libc_a-memset.o)
 .ARM.attributes
                0x00000383       0x34 C:/ST/STM32CubeIDE_1.13.1/STM32CubeIDE/plugins/com.st.stm32cube.ide.mcu.externaltools.gnu-tools-for-stm32.12.3.rel1.win32_1.0.100.202403111256/tools/bin/../lib/gcc/arm-none-eabi/12.3.1/../../../../arm-none-eabi/lib/thumb/v7e-m+fp/hard\libc_nano.a(libc_a-init.o)
 .ARM.attributes
                0x000003b7       0x34 C:/ST/STM32CubeIDE_1.13.1/STM32CubeIDE/plugins/com.st.stm32cube.ide.mcu.externaltools.gnu-tools-for-stm32.12.3.rel1.win32_1.0.100.202403111256/tools/bin/../lib/gcc/arm-none-eabi/12.3.1/../../../../arm-none-eabi/lib/thumb/v7e-m+fp/hard\libc_nano.a(libc_a-memcpy-stub.o)
 .ARM.attributes
                0x000003eb       0x17 C:/ST/STM32CubeIDE_1.13.1/STM32CubeIDE/plugins/com.st.stm32cube.ide.mcu.externaltools.gnu-tools-for-stm32.12.3.rel1.win32_1.0.100.202403111256/tools/bin/../lib/gcc/arm-none-eabi/12.3.1/../../../../arm-none-eabi/lib/thumb/v7e-m+fp/hard\libc_nano.a(libc_a-strlen.o)
 .ARM.attributes
                0x00000402       0x22 C:/ST/STM32CubeIDE_1.13.1/STM32CubeIDE/plugins/com.st.stm32cube.ide.mcu.externaltools.gnu-tools-for-stm32.12.3.rel1.win32_1.0.100.202403111256/tools/bin/../lib/gcc/arm-none-eabi/12.3.1/thumb/v7e-m+fp/hard\libgcc.a(_aeabi_uldivmod.o)
 .ARM.attributes
                0x00000424       0x34 C:/ST/STM32CubeIDE_1.13.1/STM32CubeIDE/plugins/com.st.stm32cube.ide.mcu.externaltools.gnu-tools-for-stm32.12.3.rel1.win32_1.0.100.202403111256/tools/bin/../lib/gcc/arm-none-eabi/12.3.1/thumb/v7e-m+fp/hard\libgcc.a(_udivmoddi4.o)
 .ARM.attributes
                0x00000458       0x22 C:/ST/STM32CubeIDE_1.13.1/STM32CubeIDE/plugins/com.st.stm32cube.ide.mcu.externaltools.gnu-tools-for-stm32.12.3.rel1.win32_1.0.100.202403111256/tools/bin/../lib/gcc/arm-none-eabi/12.3.1/thumb/v7e-m+fp/hard\libgcc.a(_dvmd_tls.o)
 .ARM.attributes
                0x0000047a       0x22 C:/ST/STM32CubeIDE_1.13.1/STM32CubeIDE/plugins/com.st.stm32cube.ide.mcu.externaltools.gnu-tools-for-stm32.12.3.rel1.win32_1.0.100.202403111256/tools/bin/../lib/gcc/arm-none-eabi/12.3.1/thumb/v7e-m+fp/hard/crtn.o
OUTPUT(BT2_2113527.elf elf32-littlearm)
LOAD linker stubs
LOAD C:/ST/STM32CubeIDE_1.13.1/STM32CubeIDE/plugins/com.st.stm32cube.ide.mcu.externaltools.gnu-tools-for-stm32.12.3.rel1.win32_1.0.100.202403111256/tools/bin/../lib/gcc/arm-none-eabi/12.3.1/../../../../arm-none-eabi/lib/thumb/v7e-m+fp/hard\libc.a
LOAD C:/ST/STM32CubeIDE_1.13.1/STM32CubeIDE/plugins/com.st.stm32cube.ide.mcu.externaltools.gnu-tools-for-stm32.12.3.rel1.win32_1.0.100.202403111256/tools/bin/../lib/gcc/arm-none-eabi/12.3.1/../../../../arm-none-eabi/lib/thumb/v7e-m+fp/hard\libm.a
LOAD C:/ST/STM32CubeIDE_1.13.1/STM32CubeIDE/plugins/com.st.stm32cube.ide.mcu.externaltools.gnu-tools-for-stm32.12.3.rel1.win32_1.0.100.202403111256/tools/bin/../lib/gcc/arm-none-eabi/12.3.1/thumb/v7e-m+fp/hard\libgcc.a

.debug_info     0x00000000     0x8151
 .debug_info    0x00000000     0x139a ./Core/Src/main.o
 .debug_info    0x0000139a      0x16d ./Core/Src/stm32f4xx_it.o
 .debug_info    0x00001507      0x537 ./Core/Src/system_stm32f4xx.o
 .debug_info    0x00001a3e       0x30 ./Core/Startup/startup_stm32f411vetx.o
 .debug_info    0x00001a6e      0x94a ./Drivers/STM32F4xx_HAL_Driver/Src/stm32f4xx_ll_gpio.o
 .debug_info    0x000023b8      0x740 ./Drivers/STM32F4xx_HAL_Driver/Src/stm32f4xx_ll_rcc.o
 .debug_info    0x00002af8      0x713 ./Drivers/STM32F4xx_HAL_Driver/Src/stm32f4xx_ll_usart.o
 .debug_info    0x0000320b      0x928 ./Drivers/STM32F4xx_HAL_Driver/Src/stm32f4xx_ll_utils.o
 .debug_info    0x00003b33      0x2af ./FREERTOS/list.o
 .debug_info    0x00003de2     0x10b0 ./FREERTOS/queue.o
 .debug_info    0x00004e92     0x1cea ./FREERTOS/tasks.o
 .debug_info    0x00006b7c      0x337 ./FREERTOS/portable/GCC/ARM_CM4F/port.o
 .debug_info    0x00006eb3      0x49a ./FREERTOS/portable/heap_4.o
 .debug_info    0x0000734d      0xe04 ./Utils/uartstdio.o

.debug_abbrev   0x00000000     0x1c29
 .debug_abbrev  0x00000000      0x356 ./Core/Src/main.o
 .debug_abbrev  0x00000356       0xac ./Core/Src/stm32f4xx_it.o
 .debug_abbrev  0x00000402      0x11a ./Core/Src/system_stm32f4xx.o
 .debug_abbrev  0x0000051c       0x24 ./Core/Startup/startup_stm32f411vetx.o
 .debug_abbrev  0x00000540      0x236 ./Drivers/STM32F4xx_HAL_Driver/Src/stm32f4xx_ll_gpio.o
 .debug_abbrev  0x00000776      0x1ec ./Drivers/STM32F4xx_HAL_Driver/Src/stm32f4xx_ll_rcc.o
 .debug_abbrev  0x00000962      0x1f2 ./Drivers/STM32F4xx_HAL_Driver/Src/stm32f4xx_ll_usart.o
 .debug_abbrev  0x00000b54      0x232 ./Drivers/STM32F4xx_HAL_Driver/Src/stm32f4xx_ll_utils.o
 .debug_abbrev  0x00000d86       0xf5 ./FREERTOS/list.o
 .debug_abbrev  0x00000e7b      0x2bd ./FREERTOS/queue.o
 .debug_abbrev  0x00001138      0x375 ./FREERTOS/tasks.o
 .debug_abbrev  0x000014ad      0x21f ./FREERTOS/portable/GCC/ARM_CM4F/port.o
 .debug_abbrev  0x000016cc      0x1f3 ./FREERTOS/portable/heap_4.o
 .debug_abbrev  0x000018bf      0x36a ./Utils/uartstdio.o

.debug_aranges  0x00000000      0x9b8
 .debug_aranges
                0x00000000      0x130 ./Core/Src/main.o
 .debug_aranges
                0x00000130       0x68 ./Core/Src/stm32f4xx_it.o
 .debug_aranges
                0x00000198       0x28 ./Core/Src/system_stm32f4xx.o
 .debug_aranges
                0x000001c0       0x28 ./Core/Startup/startup_stm32f411vetx.o
 .debug_aranges
                0x000001e8       0x70 ./Drivers/STM32F4xx_HAL_Driver/Src/stm32f4xx_ll_gpio.o
 .debug_aranges
                0x00000258      0x110 ./Drivers/STM32F4xx_HAL_Driver/Src/stm32f4xx_ll_rcc.o
 .debug_aranges
                0x00000368       0x88 ./Drivers/STM32F4xx_HAL_Driver/Src/stm32f4xx_ll_usart.o
 .debug_aranges
                0x000003f0       0xf8 ./Drivers/STM32F4xx_HAL_Driver/Src/stm32f4xx_ll_utils.o
 .debug_aranges
                0x000004e8       0x40 ./FREERTOS/list.o
 .debug_aranges
                0x00000528       0xf0 ./FREERTOS/queue.o
 .debug_aranges
                0x00000618      0x1d0 ./FREERTOS/tasks.o
 .debug_aranges
                0x000007e8       0x78 ./FREERTOS/portable/GCC/ARM_CM4F/port.o
 .debug_aranges
                0x00000860       0x60 ./FREERTOS/portable/heap_4.o
 .debug_aranges
                0x000008c0       0xf8 ./Utils/uartstdio.o

.debug_rnglists
                0x00000000      0x73d
 .debug_rnglists
                0x00000000       0xe3 ./Core/Src/main.o
 .debug_rnglists
                0x000000e3       0x49 ./Core/Src/stm32f4xx_it.o
 .debug_rnglists
                0x0000012c       0x1a ./Core/Src/system_stm32f4xx.o
 .debug_rnglists
                0x00000146       0x19 ./Core/Startup/startup_stm32f411vetx.o
 .debug_rnglists
                0x0000015f       0x51 ./Drivers/STM32F4xx_HAL_Driver/Src/stm32f4xx_ll_gpio.o
 .debug_rnglists
                0x000001b0       0xc8 ./Drivers/STM32F4xx_HAL_Driver/Src/stm32f4xx_ll_rcc.o
 .debug_rnglists
                0x00000278       0x63 ./Drivers/STM32F4xx_HAL_Driver/Src/stm32f4xx_ll_usart.o
 .debug_rnglists
                0x000002db       0xb8 ./Drivers/STM32F4xx_HAL_Driver/Src/stm32f4xx_ll_utils.o
 .debug_rnglists
                0x00000393       0x2b ./FREERTOS/list.o
 .debug_rnglists
                0x000003be       0xb9 ./FREERTOS/queue.o
 .debug_rnglists
                0x00000477      0x170 ./FREERTOS/tasks.o
 .debug_rnglists
                0x000005e7       0x55 ./FREERTOS/portable/GCC/ARM_CM4F/port.o
 .debug_rnglists
                0x0000063c       0x47 ./FREERTOS/portable/heap_4.o
 .debug_rnglists
                0x00000683       0xba ./Utils/uartstdio.o

.debug_macro    0x00000000    0x13490
 .debug_macro   0x00000000      0x2c4 ./Core/Src/main.o
 .debug_macro   0x000002c4      0xaf6 ./Core/Src/main.o
 .debug_macro   0x00000dba       0x2e ./Core/Src/main.o
 .debug_macro   0x00000de8       0x28 ./Core/Src/main.o
 .debug_macro   0x00000e10       0x22 ./Core/Src/main.o
 .debug_macro   0x00000e32       0x8e ./Core/Src/main.o
 .debug_macro   0x00000ec0       0x51 ./Core/Src/main.o
 .debug_macro   0x00000f11      0x103 ./Core/Src/main.o
 .debug_macro   0x00001014       0x6a ./Core/Src/main.o
 .debug_macro   0x0000107e      0x1df ./Core/Src/main.o
 .debug_macro   0x0000125d       0x1c ./Core/Src/main.o
 .debug_macro   0x00001279       0x22 ./Core/Src/main.o
 .debug_macro   0x0000129b       0xfb ./Core/Src/main.o
 .debug_macro   0x00001396     0x1011 ./Core/Src/main.o
 .debug_macro   0x000023a7      0x11f ./Core/Src/main.o
 .debug_macro   0x000024c6     0xb953 ./Core/Src/main.o
 .debug_macro   0x0000de19       0x6d ./Core/Src/main.o
 .debug_macro   0x0000de86      0x782 ./Core/Src/main.o
 .debug_macro   0x0000e608      0x11d ./Core/Src/main.o
 .debug_macro   0x0000e725      0x1ab ./Core/Src/main.o
 .debug_macro   0x0000e8d0       0xe8 ./Core/Src/main.o
 .debug_macro   0x0000e9b8      0x1a6 ./Core/Src/main.o
 .debug_macro   0x0000eb5e       0x61 ./Core/Src/main.o
 .debug_macro   0x0000ebbf       0xbc ./Core/Src/main.o
 .debug_macro   0x0000ec7b      0x1e6 ./Core/Src/main.o
 .debug_macro   0x0000ee61      0x1bb ./Core/Src/main.o
 .debug_macro   0x0000f01c      0x149 ./Core/Src/main.o
 .debug_macro   0x0000f165       0x22 ./Core/Src/main.o
 .debug_macro   0x0000f187      0x189 ./Core/Src/main.o
 .debug_macro   0x0000f310       0x16 ./Core/Src/main.o
 .debug_macro   0x0000f326       0x94 ./Core/Src/main.o
 .debug_macro   0x0000f3ba       0x1c ./Core/Src/main.o
 .debug_macro   0x0000f3d6      0x182 ./Core/Src/main.o
 .debug_macro   0x0000f558       0xe7 ./Core/Src/main.o
 .debug_macro   0x0000f63f       0x28 ./Core/Src/main.o
 .debug_macro   0x0000f667       0x1f ./Core/Src/main.o
 .debug_macro   0x0000f686       0x12 ./Core/Src/main.o
 .debug_macro   0x0000f698     0x1104 ./Core/Src/main.o
 .debug_macro   0x0001079c       0xc3 ./Core/Src/main.o
 .debug_macro   0x0001085f      0x14f ./Core/Src/main.o
 .debug_macro   0x000109ae       0x80 ./Core/Src/main.o
 .debug_macro   0x00010a2e       0x58 ./Core/Src/main.o
 .debug_macro   0x00010a86       0x16 ./Core/Src/main.o
 .debug_macro   0x00010a9c       0x16 ./Core/Src/main.o
 .debug_macro   0x00010ab2       0x2e ./Core/Src/main.o
 .debug_macro   0x00010ae0       0x61 ./Core/Src/main.o
 .debug_macro   0x00010b41       0x2a ./Core/Src/main.o
 .debug_macro   0x00010b6b       0x43 ./Core/Src/main.o
 .debug_macro   0x00010bae       0x34 ./Core/Src/main.o
 .debug_macro   0x00010be2       0x16 ./Core/Src/main.o
 .debug_macro   0x00010bf8       0x43 ./Core/Src/main.o
 .debug_macro   0x00010c3b       0x34 ./Core/Src/main.o
 .debug_macro   0x00010c6f       0x10 ./Core/Src/main.o
 .debug_macro   0x00010c7f       0x58 ./Core/Src/main.o
 .debug_macro   0x00010cd7       0x8e ./Core/Src/main.o
 .debug_macro   0x00010d65       0x1c ./Core/Src/main.o
 .debug_macro   0x00010d81      0x177 ./Core/Src/main.o
 .debug_macro   0x00010ef8      0x369 ./Core/Src/main.o
 .debug_macro   0x00011261       0x10 ./Core/Src/main.o
 .debug_macro   0x00011271       0x35 ./Core/Src/main.o
 .debug_macro   0x000112a6       0x20 ./Core/Src/main.o
 .debug_macro   0x000112c6      0x200 ./Core/Src/stm32f4xx_it.o
 .debug_macro   0x000114c6       0xce ./Core/Src/system_stm32f4xx.o
 .debug_macro   0x00011594      0x110 ./Drivers/STM32F4xx_HAL_Driver/Src/stm32f4xx_ll_gpio.o
 .debug_macro   0x000116a4      0x143 ./Drivers/STM32F4xx_HAL_Driver/Src/stm32f4xx_ll_gpio.o
 .debug_macro   0x000117e7       0xf5 ./Drivers/STM32F4xx_HAL_Driver/Src/stm32f4xx_ll_rcc.o
 .debug_macro   0x000118dc      0x13d ./Drivers/STM32F4xx_HAL_Driver/Src/stm32f4xx_ll_usart.o
 .debug_macro   0x00011a19      0x1b5 ./Drivers/STM32F4xx_HAL_Driver/Src/stm32f4xx_ll_usart.o
 .debug_macro   0x00011bce      0x788 ./Drivers/STM32F4xx_HAL_Driver/Src/stm32f4xx_ll_usart.o
 .debug_macro   0x00012356      0x1a8 ./Drivers/STM32F4xx_HAL_Driver/Src/stm32f4xx_ll_utils.o
 .debug_macro   0x000124fe       0x5b ./Drivers/STM32F4xx_HAL_Driver/Src/stm32f4xx_ll_utils.o
 .debug_macro   0x00012559      0x213 ./FREERTOS/list.o
 .debug_macro   0x0001276c      0x2aa ./FREERTOS/queue.o
 .debug_macro   0x00012a16       0x16 ./FREERTOS/queue.o
 .debug_macro   0x00012a2c      0x32f ./FREERTOS/tasks.o
 .debug_macro   0x00012d5b       0x17 ./FREERTOS/tasks.o
 .debug_macro   0x00012d72      0x240 ./FREERTOS/portable/GCC/ARM_CM4F/port.o
 .debug_macro   0x00012fb2      0x2a8 ./FREERTOS/portable/heap_4.o
 .debug_macro   0x0001325a      0x236 ./Utils/uartstdio.o

.debug_line     0x00000000     0x9477
 .debug_line    0x00000000      0xeab ./Core/Src/main.o
 .debug_line    0x00000eab      0x885 ./Core/Src/stm32f4xx_it.o
 .debug_line    0x00001730      0x57d ./Core/Src/system_stm32f4xx.o
 .debug_line    0x00001cad       0x7a ./Core/Startup/startup_stm32f411vetx.o
 .debug_line    0x00001d27      0x853 ./Drivers/STM32F4xx_HAL_Driver/Src/stm32f4xx_ll_gpio.o
 .debug_line    0x0000257a      0x996 ./Drivers/STM32F4xx_HAL_Driver/Src/stm32f4xx_ll_rcc.o
 .debug_line    0x00002f10      0x769 ./Drivers/STM32F4xx_HAL_Driver/Src/stm32f4xx_ll_usart.o
 .debug_line    0x00003679      0xa1b ./Drivers/STM32F4xx_HAL_Driver/Src/stm32f4xx_ll_utils.o
 .debug_line    0x00004094      0x868 ./FREERTOS/list.o
 .debug_line    0x000048fc     0x108a ./FREERTOS/queue.o
 .debug_line    0x00005986     0x193a ./FREERTOS/tasks.o
 .debug_line    0x000072c0      0x817 ./FREERTOS/portable/GCC/ARM_CM4F/port.o
 .debug_line    0x00007ad7      0xa97 ./FREERTOS/portable/heap_4.o
 .debug_line    0x0000856e      0xf09 ./Utils/uartstdio.o

.debug_str      0x00000000    0x7002f
 .debug_str     0x00000000    0x6941d ./Core/Src/main.o
                              0x697b6 (size before relaxing)
 .debug_str     0x0006941d       0xe3 ./Core/Src/stm32f4xx_it.o
                              0x65a69 (size before relaxing)
 .debug_str     0x00069500       0x77 ./Core/Src/system_stm32f4xx.o
                              0x50009 (size before relaxing)
 .debug_str     0x00069577       0x44 ./Core/Startup/startup_stm32f411vetx.o
                                 0x7a (size before relaxing)
 .debug_str     0x000695bb      0x689 ./Drivers/STM32F4xx_HAL_Driver/Src/stm32f4xx_ll_gpio.o
                              0x51514 (size before relaxing)
 .debug_str     0x00069c44      0x487 ./Drivers/STM32F4xx_HAL_Driver/Src/stm32f4xx_ll_rcc.o
                              0x55467 (size before relaxing)
 .debug_str     0x0006a0cb      0x83f ./Drivers/STM32F4xx_HAL_Driver/Src/stm32f4xx_ll_usart.o
                              0x56e09 (size before relaxing)
 .debug_str     0x0006a90a     0x16ca ./Drivers/STM32F4xx_HAL_Driver/Src/stm32f4xx_ll_utils.o
                              0x57aad (size before relaxing)
 .debug_str     0x0006bfd4      0x248 ./FREERTOS/list.o
                              0x5c6e2 (size before relaxing)
 .debug_str     0x0006c21c      0xabe ./FREERTOS/queue.o
                              0x5ee0a (size before relaxing)
 .debug_str     0x0006ccda     0x1d8f ./FREERTOS/tasks.o
                              0x5fc12 (size before relaxing)
 .debug_str     0x0006ea69      0x838 ./FREERTOS/portable/GCC/ARM_CM4F/port.o
                              0x5b131 (size before relaxing)
 .debug_str     0x0006f2a1      0x6e5 ./FREERTOS/portable/heap_4.o
                              0x5e204 (size before relaxing)
 .debug_str     0x0006f986      0x6a9 ./Utils/uartstdio.o
                              0x66564 (size before relaxing)

.comment        0x00000000       0x43
 .comment       0x00000000       0x43 ./Core/Src/main.o
                                 0x44 (size before relaxing)
 .comment       0x00000043       0x44 ./Core/Src/stm32f4xx_it.o
 .comment       0x00000043       0x44 ./Core/Src/system_stm32f4xx.o
 .comment       0x00000043       0x44 ./Drivers/STM32F4xx_HAL_Driver/Src/stm32f4xx_ll_gpio.o
 .comment       0x00000043       0x44 ./Drivers/STM32F4xx_HAL_Driver/Src/stm32f4xx_ll_rcc.o
 .comment       0x00000043       0x44 ./Drivers/STM32F4xx_HAL_Driver/Src/stm32f4xx_ll_usart.o
 .comment       0x00000043       0x44 ./Drivers/STM32F4xx_HAL_Driver/Src/stm32f4xx_ll_utils.o
 .comment       0x00000043       0x44 ./FREERTOS/list.o
 .comment       0x00000043       0x44 ./FREERTOS/queue.o
 .comment       0x00000043       0x44 ./FREERTOS/tasks.o
 .comment       0x00000043       0x44 ./FREERTOS/portable/GCC/ARM_CM4F/port.o
 .comment       0x00000043       0x44 ./FREERTOS/portable/heap_4.o
 .comment       0x00000043       0x44 ./Utils/uartstdio.o

.debug_frame    0x00000000     0x2784
 .debug_frame   0x00000000      0x510 ./Core/Src/main.o
 .debug_frame   0x00000510      0x124 ./Core/Src/stm32f4xx_it.o
 .debug_frame   0x00000634       0x58 ./Core/Src/system_stm32f4xx.o
 .debug_frame   0x0000068c      0x1c0 ./Drivers/STM32F4xx_HAL_Driver/Src/stm32f4xx_ll_gpio.o
 .debug_frame   0x0000084c      0x43c ./Drivers/STM32F4xx_HAL_Driver/Src/stm32f4xx_ll_rcc.o
 .debug_frame   0x00000c88      0x240 ./Drivers/STM32F4xx_HAL_Driver/Src/stm32f4xx_ll_usart.o
 .debug_frame   0x00000ec8      0x3f8 ./Drivers/STM32F4xx_HAL_Driver/Src/stm32f4xx_ll_utils.o
 .debug_frame   0x000012c0       0xd8 ./FREERTOS/list.o
 .debug_frame   0x00001398      0x3f4 ./FREERTOS/queue.o
 .debug_frame   0x0000178c      0x7f4 ./FREERTOS/tasks.o
 .debug_frame   0x00001f80      0x178 ./FREERTOS/portable/GCC/ARM_CM4F/port.o
 .debug_frame   0x000020f8      0x150 ./FREERTOS/portable/heap_4.o
 .debug_frame   0x00002248      0x440 ./Utils/uartstdio.o
 .debug_frame   0x00002688       0x28 C:/ST/STM32CubeIDE_1.13.1/STM32CubeIDE/plugins/com.st.stm32cube.ide.mcu.externaltools.gnu-tools-for-stm32.12.3.rel1.win32_1.0.100.202403111256/tools/bin/../lib/gcc/arm-none-eabi/12.3.1/../../../../arm-none-eabi/lib/thumb/v7e-m+fp/hard\libc_nano.a(libc_a-memcmp.o)
 .debug_frame   0x000026b0       0x20 C:/ST/STM32CubeIDE_1.13.1/STM32CubeIDE/plugins/com.st.stm32cube.ide.mcu.externaltools.gnu-tools-for-stm32.12.3.rel1.win32_1.0.100.202403111256/tools/bin/../lib/gcc/arm-none-eabi/12.3.1/../../../../arm-none-eabi/lib/thumb/v7e-m+fp/hard\libc_nano.a(libc_a-memset.o)
 .debug_frame   0x000026d0       0x2c C:/ST/STM32CubeIDE_1.13.1/STM32CubeIDE/plugins/com.st.stm32cube.ide.mcu.externaltools.gnu-tools-for-stm32.12.3.rel1.win32_1.0.100.202403111256/tools/bin/../lib/gcc/arm-none-eabi/12.3.1/../../../../arm-none-eabi/lib/thumb/v7e-m+fp/hard\libc_nano.a(libc_a-init.o)
 .debug_frame   0x000026fc       0x28 C:/ST/STM32CubeIDE_1.13.1/STM32CubeIDE/plugins/com.st.stm32cube.ide.mcu.externaltools.gnu-tools-for-stm32.12.3.rel1.win32_1.0.100.202403111256/tools/bin/../lib/gcc/arm-none-eabi/12.3.1/../../../../arm-none-eabi/lib/thumb/v7e-m+fp/hard\libc_nano.a(libc_a-memcpy-stub.o)
 .debug_frame   0x00002724       0x2c C:/ST/STM32CubeIDE_1.13.1/STM32CubeIDE/plugins/com.st.stm32cube.ide.mcu.externaltools.gnu-tools-for-stm32.12.3.rel1.win32_1.0.100.202403111256/tools/bin/../lib/gcc/arm-none-eabi/12.3.1/thumb/v7e-m+fp/hard\libgcc.a(_aeabi_uldivmod.o)
 .debug_frame   0x00002750       0x34 C:/ST/STM32CubeIDE_1.13.1/STM32CubeIDE/plugins/com.st.stm32cube.ide.mcu.externaltools.gnu-tools-for-stm32.12.3.rel1.win32_1.0.100.202403111256/tools/bin/../lib/gcc/arm-none-eabi/12.3.1/thumb/v7e-m+fp/hard\libgcc.a(_udivmoddi4.o)

.debug_line_str
                0x00000000       0x5e
 .debug_line_str
                0x00000000       0x5e ./Core/Startup/startup_stm32f411vetx.o
