../Drivers/CMSIS/Include/core_cm4.h:1684:22:__NVIC_EnableIRQ	16	static,ignoring_inline_asm
../Drivers/CMSIS/Include/core_cm4.h:1703:26:__NVIC_GetEnableIRQ	16	static
../Drivers/CMSIS/Include/core_cm4.h:1722:22:__NVIC_DisableIRQ	16	static,ignoring_inline_asm
../Drivers/STM32F4xx_HAL_Driver/Inc/stm32f4xx_ll_usart.h:1792:26:LL_USART_IsActiveFlag_RXNE	16	static
../Drivers/STM32F4xx_HAL_Driver/Inc/stm32f4xx_ll_usart.h:1803:26:LL_USART_IsActiveFlag_TC	16	static
../Drivers/STM32F4xx_HAL_Driver/Inc/stm32f4xx_ll_usart.h:1968:22:LL_USART_ClearFlag_TC	16	static
../Drivers/STM32F4xx_HAL_Driver/Inc/stm32f4xx_ll_usart.h:2035:22:LL_USART_EnableIT_RXNE	40	static,ignoring_inline_asm
../Drivers/STM32F4xx_HAL_Driver/Inc/stm32f4xx_ll_usart.h:2046:22:LL_USART_EnableIT_TC	40	static,ignoring_inline_asm
../Drivers/STM32F4xx_HAL_Driver/Inc/stm32f4xx_ll_usart.h:2142:22:LL_USART_DisableIT_TC	40	static,ignoring_inline_asm
../Drivers/STM32F4xx_HAL_Driver/Inc/stm32f4xx_ll_usart.h:2403:25:LL_USART_ReceiveData8	16	static
../Drivers/STM32F4xx_HAL_Driver/Inc/stm32f4xx_ll_usart.h:2426:22:LL_USART_TransmitData8	16	static
../Utils/uartstdio.c:133:1:IsBufferFull	32	static
../Utils/uartstdio.c:163:1:IsBufferEmpty	24	static
../Utils/uartstdio.c:193:1:GetBufferCount	32	static
../Utils/uartstdio.c:213:1:UARTPrimeTransmit	8	static
../Utils/uartstdio.c:266:6:UARTStdioConfig	16	static
../Utils/uartstdio.c:316:5:UARTwrite	24	static
../Utils/uartstdio.c:411:5:UARTgets	24	static
../Utils/uartstdio.c:495:1:UARTgetc	16	static
../Utils/uartstdio.c:561:6:UARTvprintf	64	static
../Utils/uartstdio.c:991:6:UARTprintf	16	static
../Utils/uartstdio.c:1020:5:UARTRxBytesAvail	8	static
../Utils/uartstdio.c:1037:5:UARTTxBytesFree	8	static
../Utils/uartstdio.c:1062:5:UARTPeek	32	static
../Utils/uartstdio.c:1114:6:UARTFlushRx	16	static
../Utils/uartstdio.c:1158:6:UARTFlushTx	24	static
../Utils/uartstdio.c:1224:6:UARTEchoSet	16	static
../Utils/uartstdio.c:1242:6:UARTStdioIntHandler	16	static
